Archive Project report for vga
Sat May 29 15:30:43 2021
Quartus Prime Version 18.1.0 Build 625 09/12/2018 SJ Lite Edition


---------------------
; Table of Contents ;
---------------------
  1. Legal Notice
  2. Archive Project Summary
  3. Archive Project Messages
  4. Files Archived



----------------
; Legal Notice ;
----------------
Copyright (C) 2018  Intel Corporation. All rights reserved.
Your use of Intel Corporation's design tools, logic functions 
and other software and tools, and its AMPP partner logic 
functions, and any output files from any of the foregoing 
(including device programming or simulation files), and any 
associated documentation or information are expressly subject 
to the terms and conditions of the Intel Program License 
Subscription Agreement, the Intel Quartus Prime License Agreement,
the Intel FPGA IP License Agreement, or other applicable license
agreement, including, without limitation, that your use is for
the sole purpose of programming logic devices manufactured by
Intel and sold by Intel or its authorized distributors.  Please
refer to the applicable agreement for further details.



+----------------------------------------------------------------+
; Archive Project Summary                                        ;
+------------------------+---------------------------------------+
; Archive Project Status ; Successful - Sat May 29 15:30:42 2021 ;
; Revision Name          ; vga                                   ;
; Top-level Entity Name  ; DE10_LITE_Golden_Top                  ;
; Family                 ; MAX 10                                ;
+------------------------+---------------------------------------+


+--------------------------+
; Archive Project Messages ;
+--------------------------+
Info: File Set 'Source control' contains:
    Info: Project source and settings files
    Info: Automatically detected source files
Warning: Hierarchical Platform Designer systems and custom IP components(_hw.tcl and associated files) are not archived by the Quartus Archiver
Info: Archive will store files relative to the closest common parent directory
Info (13213): Using common directory C:/Users/eleceng/Documents/sixforty/
Info: ----------------------------------------------------------
Info: ----------------------------------------------------------
Info: Generated archive 'C:/Users/eleceng/Documents/sixforty/vga640base.qar'
Info: ----------------------------------------------------------
Info: ----------------------------------------------------------
Info: Generated report 'vga.archive.rpt'
Info (23030): Evaluation of Tcl script c:/intelfpga_lite/18.1/quartus/common/tcl/apps/qpm/qar.tcl was successful
Info: Quartus Prime Shell was successful. 0 errors, 1 warning
    Info: Peak virtual memory: 4827 megabytes
    Info: Processing ended: Sat May 29 15:30:43 2021
    Info: Elapsed time: 00:00:04
    Info: Total CPU time (on all processors): 00:00:01


+-----------------------------+
; Files Archived              ;
+-----------------------------+
; File Name                   ;
+-----------------------------+
; charrom.cmp                 ;
; charrom.qip                 ;
; charrom.v                   ;
; charrom_bb.v                ;
; DE10_LITE_Golden_Top.v      ;
; dispmem.cmp                 ;
; dispmem.qip                 ;
; dispmem.v                   ;
; dispmem_bb.v                ;
; dispmem_inst.v              ;
; font18x12.hex               ;
; pcgsprite.vhd               ;
; pll.cmp                     ;
; pll.ppf                     ;
; pll.qip                     ;
; pll.v                       ;
; pll_bb.v                    ;
; ramstart.mif                ;
; sync.vhd                    ;
; txtscreen.vhd               ;
; vga.qpf                     ;
; vga.qsf                     ;
; VGA.vhd                     ;
; vga_assignment_defaults.qdf ;
+-----------------------------+


