------------------------------------------------------------
Timing Analyzer Summary
------------------------------------------------------------

Type  : Slow 1200mV 85C Model Setup 'VGA_DISP|C|altpll_component|auto_generated|pll1|clk[0]'
Slack : -32.841
TNS   : -97.947

Type  : Slow 1200mV 85C Model Setup 'VGA:VGA_DISP|SYNC:C1|VSYNC'
Slack : -1.203
TNS   : -6.245

Type  : Slow 1200mV 85C Model Hold 'VGA:VGA_DISP|SYNC:C1|VSYNC'
Slack : 0.325
TNS   : 0.000

Type  : Slow 1200mV 85C Model Hold 'VGA_DISP|C|altpll_component|auto_generated|pll1|clk[0]'
Slack : 0.425
TNS   : 0.000

Type  : Slow 1200mV 85C Model Minimum Pulse Width 'VGA:VGA_DISP|SYNC:C1|VSYNC'
Slack : -1.222
TNS   : -10.998

Type  : Slow 1200mV 85C Model Minimum Pulse Width 'MAX10_CLK1_50'
Slack : 9.854
TNS   : 0.000

Type  : Slow 1200mV 85C Model Minimum Pulse Width 'VGA_DISP|C|altpll_component|auto_generated|pll1|clk[0]'
Slack : 19.624
TNS   : 0.000

Type  : Slow 1200mV 0C Model Setup 'VGA_DISP|C|altpll_component|auto_generated|pll1|clk[0]'
Slack : -29.449
TNS   : -87.814

Type  : Slow 1200mV 0C Model Setup 'VGA:VGA_DISP|SYNC:C1|VSYNC'
Slack : -0.992
TNS   : -4.992

Type  : Slow 1200mV 0C Model Hold 'VGA:VGA_DISP|SYNC:C1|VSYNC'
Slack : 0.293
TNS   : 0.000

Type  : Slow 1200mV 0C Model Hold 'VGA_DISP|C|altpll_component|auto_generated|pll1|clk[0]'
Slack : 0.352
TNS   : 0.000

Type  : Slow 1200mV 0C Model Minimum Pulse Width 'VGA:VGA_DISP|SYNC:C1|VSYNC'
Slack : -1.222
TNS   : -10.998

Type  : Slow 1200mV 0C Model Minimum Pulse Width 'MAX10_CLK1_50'
Slack : 9.877
TNS   : 0.000

Type  : Slow 1200mV 0C Model Minimum Pulse Width 'VGA_DISP|C|altpll_component|auto_generated|pll1|clk[0]'
Slack : 19.599
TNS   : 0.000

Type  : Fast 1200mV 0C Model Setup 'VGA_DISP|C|altpll_component|auto_generated|pll1|clk[0]'
Slack : -15.576
TNS   : -46.441

Type  : Fast 1200mV 0C Model Setup 'VGA:VGA_DISP|SYNC:C1|VSYNC'
Slack : -0.050
TNS   : -0.059

Type  : Fast 1200mV 0C Model Hold 'VGA:VGA_DISP|SYNC:C1|VSYNC'
Slack : 0.146
TNS   : 0.000

Type  : Fast 1200mV 0C Model Hold 'VGA_DISP|C|altpll_component|auto_generated|pll1|clk[0]'
Slack : 0.208
TNS   : 0.000

Type  : Fast 1200mV 0C Model Minimum Pulse Width 'VGA:VGA_DISP|SYNC:C1|VSYNC'
Slack : -1.000
TNS   : -9.000

Type  : Fast 1200mV 0C Model Minimum Pulse Width 'MAX10_CLK1_50'
Slack : 9.669
TNS   : 0.000

Type  : Fast 1200mV 0C Model Minimum Pulse Width 'VGA_DISP|C|altpll_component|auto_generated|pll1|clk[0]'
Slack : 19.613
TNS   : 0.000

------------------------------------------------------------
