------------------------------------------------------------
Timing Analyzer Summary
------------------------------------------------------------

Type  : Slow 1200mV 85C Model Setup 'VGA_DISP|C|altpll_component|auto_generated|pll1|clk[0]'
Slack : -32.989
TNS   : -173.661

Type  : Slow 1200mV 85C Model Setup 'VGA:VGA_DISP|SYNC:C1|VSYNC'
Slack : -5.009
TNS   : -23.003

Type  : Slow 1200mV 85C Model Hold 'VGA:VGA_DISP|SYNC:C1|VSYNC'
Slack : 0.326
TNS   : 0.000

Type  : Slow 1200mV 85C Model Hold 'VGA_DISP|C|altpll_component|auto_generated|pll1|clk[0]'
Slack : 0.423
TNS   : 0.000

Type  : Slow 1200mV 85C Model Minimum Pulse Width 'VGA:VGA_DISP|SYNC:C1|VSYNC'
Slack : -1.222
TNS   : -24.440

Type  : Slow 1200mV 85C Model Minimum Pulse Width 'MAX10_CLK1_50'
Slack : 9.837
TNS   : 0.000

Type  : Slow 1200mV 85C Model Minimum Pulse Width 'VGA_DISP|C|altpll_component|auto_generated|pll1|clk[0]'
Slack : 19.529
TNS   : 0.000

Type  : Slow 1200mV 0C Model Setup 'VGA_DISP|C|altpll_component|auto_generated|pll1|clk[0]'
Slack : -29.551
TNS   : -151.792

Type  : Slow 1200mV 0C Model Setup 'VGA:VGA_DISP|SYNC:C1|VSYNC'
Slack : -4.453
TNS   : -19.002

Type  : Slow 1200mV 0C Model Hold 'VGA:VGA_DISP|SYNC:C1|VSYNC'
Slack : 0.294
TNS   : 0.000

Type  : Slow 1200mV 0C Model Hold 'VGA_DISP|C|altpll_component|auto_generated|pll1|clk[0]'
Slack : 0.351
TNS   : 0.000

Type  : Slow 1200mV 0C Model Minimum Pulse Width 'VGA:VGA_DISP|SYNC:C1|VSYNC'
Slack : -1.222
TNS   : -24.440

Type  : Slow 1200mV 0C Model Minimum Pulse Width 'MAX10_CLK1_50'
Slack : 9.857
TNS   : 0.000

Type  : Slow 1200mV 0C Model Minimum Pulse Width 'VGA_DISP|C|altpll_component|auto_generated|pll1|clk[0]'
Slack : 19.547
TNS   : 0.000

Type  : Fast 1200mV 0C Model Setup 'VGA_DISP|C|altpll_component|auto_generated|pll1|clk[0]'
Slack : -15.681
TNS   : -76.886

Type  : Fast 1200mV 0C Model Setup 'VGA:VGA_DISP|SYNC:C1|VSYNC'
Slack : -2.180
TNS   : -3.370

Type  : Fast 1200mV 0C Model Hold 'VGA:VGA_DISP|SYNC:C1|VSYNC'
Slack : 0.148
TNS   : 0.000

Type  : Fast 1200mV 0C Model Hold 'VGA_DISP|C|altpll_component|auto_generated|pll1|clk[0]'
Slack : 0.208
TNS   : 0.000

Type  : Fast 1200mV 0C Model Minimum Pulse Width 'VGA:VGA_DISP|SYNC:C1|VSYNC'
Slack : -1.000
TNS   : -20.000

Type  : Fast 1200mV 0C Model Minimum Pulse Width 'MAX10_CLK1_50'
Slack : 9.666
TNS   : 0.000

Type  : Fast 1200mV 0C Model Minimum Pulse Width 'VGA_DISP|C|altpll_component|auto_generated|pll1|clk[0]'
Slack : 19.577
TNS   : 0.000

------------------------------------------------------------
